C51 COMPILER V9.00   UTIL                                                                  12/09/2021 13:13:38 PAGE 1   


C51 COMPILER V9.00, COMPILATION OF MODULE UTIL
OBJECT MODULE PLACED IN .\OUT\util.obj
COMPILER INVOKED BY: c:\Keil\C51\BIN\C51.EXE SRC\util.c LARGE OMF2 ROM(COMPACT) OPTIMIZE(8,SPEED) DEBUG PRINT(.\LIST\uti
                    -l.lst) OBJECT(.\OUT\util.obj)

line level    source

   1          /*      
   2                  =================================================================
   3                  = Copyright(C) 2009 KEIL CORPORATION All rights reserved                =
   4                  =================================================================
   5                  = Header file for SFR of ABOV(C51-Core)                                                 =
   6                  = Micom         : ABOV[MC96F8316L]/32QFN                                                =
   7                  = Main X-tal    : 16.0MHz(Internal OSC)                                                 =
   8                  = Machine Cycle : 0.2us                                                                                 =
   9                  = Subject       : define file (define.h)                                                =
  10                  = Project       : HSENC LOUVER System                                                   =
  11                  = Bender        : XXX CO.,LTD                                                           =
  12                  = Programmer    : GPR / ROBOTKING                                                               =
  13                  = Rev                   : 20.07.20                                                                              =
  14                  = Date                  : Start[20.07.20] ~ End[20.07.xx]                               =
  15                  =================================================================
  16          */
  17          
  18          #include <string.h>
  19          #include <intrins.h>
  20          #include "Typech.h"
  21          #include "mc96f8316.h"
  22          #include "define.h"
  23          #include "func.h"
  24          #include "ram.h"
  25          
  26          
  27          /*---------------------------------------------------------------------------------------------*/
  28          /*---------------------------------------------------------------------------------------------*/
  29          /*-------------------------[ FLASH Selp Program ] ---------------------------------------------*/
  30          /*---------------------------------------------------------------------------------------------*/
  31          /*---------------------------------------------------------------------------------------------*/
  32          /*---------------------------------------------------------------------------------------------*/
  33          /*
  34                  Data Memory(IDATA)  : 00~7F / 80~FF
  35                  SFR                                     : 80~FF
  36                  00~7F                           : Bank0~3(Bank per 8Byte Total = 00~1F
  37                  20~2F                           : Bit Addressable
  38                  30~7F                           : General purpose register(80Byte)
  39                  Data Memory(XDATA)  : 1B~2FF(768Byte)
  40                  Flash Memory            : 0000~7FFFFH(32kbyte)
  41                  Sector                          : 0~511(512) / 1Sector = 0~3F(64Byte)
  42                  Flash page buffer       : 8000~803F(64byte)
  43          */
  44          
  45          #define coderom  ((unsigned char volatile code  *) 0)
  46          #define pagebuff ((unsigned char volatile xdata  *) 0x8000)
  47          
  48          #if cEEPROM
  49          
  50          /**/
  51          /*                                             EEPROM_Proc                                                             */
  52          /**/
  53          // 첫번재 바이트가
  54          // 0x55 : 실효데이타..
C51 COMPILER V9.00   UTIL                                                                  12/09/2021 13:13:38 PAGE 2   

  55          // 0x00또는 0xff는 무효데이타..
  56          
  57          void EEPROM_Proc(void)
  58          {
  59   1              if(     Motor_RPM_old != Motor_RPM  || Mode_Key_old != Mode_Key )
  60   1              {
  61   2                      Motor_RPM_old = Motor_RPM;
  62   2                      Mode_Key_old = Mode_Key;
  63   2      
  64   2                      fFLASH_SET = OFF;
  65   2      
  66   2                      Write_Data[0] = 0x55;
  67   2                      Write_Data[1] = Motor_RPM;
  68   2                      Write_Data[2] = Mode_Key;
  69   2      
  70   2                      flash_status = Lflash_erase(cSector);
  71   2                      NOP();
  72   2                      NOP();
  73   2                      NOP();
  74   2                      flash_status = Lflash_write(cSector);
  75   2                      NOP();
  76   2                      NOP();
  77   2                      NOP();
  78   2                      Lflash_read(cSector);
  79   2              }
  80   1      }               
  81          //=============================================================================
  82          // Function Name: CodeFlash_Erase
  83          // Description  : page buff(64byte) 단위로 지운다.  총 512 sector
  84          // input                : start sector[500], number of sector[2]
  85          // output               : true/false
  86          //=============================================================================
  87          char CodeFlash_Erase(unsigned int ss, unsigned char no)         // page buff = 64byte
  88          {
  89   1              unsigned int add;
  90   1              unsigned int lp;
  91   1              unsigned char lp2;
  92   1              
  93   1              for(lp=0; lp<no; lp++)
  94   1              {
  95   2                      FMCR=0x01; // page buffer clear
  96   2                      
  97   2                      for(lp2=0; lp2<32; lp2++)
  98   2                      {
  99   3                              pagebuff[lp2]=0x00;                     
 100   3                      }
 101   2              
 102   2                      add = (unsigned int)(32*(ss+lp));               
 103   2                      FSADRL = (unsigned char)(add);
 104   2                      FSADRM = (unsigned char)(add>>8);
 105   2                      FSADRH = 0x00;
 106   2                      
 107   2                      FIDR = 0xA5; //dentification value
 108   2                      FMCR = 0x02; //Start flash erase mode
 109   2                      _nop_();
 110   2                      _nop_();
 111   2                      _nop_();                
 112   2              }
 113   1              
 114   1              // read data
 115   1              add = (unsigned int)(32*ss);
 116   1              //coderom = (unsigned char *)add;
C51 COMPILER V9.00   UTIL                                                                  12/09/2021 13:13:38 PAGE 3   

 117   1              for(lp=add; lp<(add+(32*no)); lp++)     // Read flash data.
 118   1              {
 119   2                      if( coderom[lp] != 0x00) return -1;
 120   2              }
 121   1              
 122   1              return 0;
 123   1      }
 124          
 125          //=============================================================================
 126          // Function Name: CodeFlash_Write
 127          // Description  : page buff(32byte) 단위로 쓴다.  총 512 sector
 128          // input                : data, start sector, number of sector
 129          // output               : true/false
 130          //=============================================================================
 131          char CodeFlash_Write(unsigned char *dt, unsigned int ss, unsigned char no)
 132          {
 133   1              unsigned int add;
 134   1              unsigned int lp;
 135   1              unsigned char lp2;
 136   1              unsigned char *pdt = dt;
 137   1              
 138   1              for(lp=0; lp<no; lp++)
 139   1              {
 140   2                      FMCR=0x01; // page buffer clear
 141   2                      
 142   2                      for(lp2=0; lp2<32; lp2++)
 143   2                      {
 144   3                              pagebuff[lp2]=dt[lp2];                  
 145   3                      }
 146   2              
 147   2                      add = (unsigned int)(32*(ss+lp));               
 148   2                      FSADRL = (unsigned char)(add&0xff);
 149   2                      FSADRM = (unsigned char)(add>>8);
 150   2                      FSADRH = 0x00;
 151   2                      
 152   2                      FIDR = 0xA5; //dentification value
 153   2                      FMCR = 0x03; //Start sector write
 154   2                      _nop_();
 155   2                      _nop_();
 156   2                      _nop_();                
 157   2              }
 158   1              
 159   1              // read data
 160   1              add = (unsigned int)(32*ss);
 161   1              //coderom = (unsigned char *)add;
 162   1              pdt = dt;
 163   1              for(lp=add; lp<(add+(32*no)); lp++)     // Read flash data.
 164   1              {
 165   2                      if( coderom[lp] != *pdt) return -1;
 166   2                      pdt++;
 167   2              }
 168   1              
 169   1              return 0;
 170   1      }
 171          
 172          //=============================================================================
 173          // Function Name: CodeFlash_Read
 174          // Description  : page buff(32byte) 단위로 읽는다.  총 512 sector(0~511)
 175          // input                : data, start sector, number of sector
 176          // output               : 읽은 갯수
 177          //=============================================================================
 178          int CodeFlash_Read(unsigned char *dt, unsigned int ss, unsigned char no)
C51 COMPILER V9.00   UTIL                                                                  12/09/2021 13:13:38 PAGE 4   

 179          {
 180   1              unsigned int add;
 181   1              unsigned int lp;
 182   1              unsigned char *pdt = dt;
 183   1              
 184   1              // read data
 185   1              add = (unsigned int)(32*ss);
 186   1              for(lp=add; lp<(add+(32*no)); lp++)     // Read flash data.
 187   1              {
 188   2                      *pdt = coderom[lp];
 189   2                      pdt++;
 190   2              }
 191   1              
 192   1              return (pdt-add);
 193   1      }
 194          
 195          void Lflash_read(unsigned int sector)
 196          {
 197   1              unsigned char dt[32];
 198   1              unsigned char lp;
 199   1              unsigned int ss;                                // start sector
 200   1              
 201   1              memset(dt, 0, sizeof(dt));
 202   1              
 203   1              ss = sector&0x1ff;                              // Erase sector[000-1ff] / 512 sector
 204   1      
 205   1              CodeFlash_Read(&dt[0], ss, 1);  //org
 206   1              for(lp=0; lp<32; lp++) Read_Data[lp] = dt[lp];
 207   1      }
 208          
 209          char Lflash_write(unsigned int sector)
 210          {
 211   1              unsigned char dt[32];
 212   1              unsigned char lp;
 213   1              unsigned int ss;                                // start sector
 214   1              char ret;
 215   1              
 216   1              cli();
 217   1              ss = sector&0x1ff;                              // Erase sector[000-1ff] / 512 sector
 218   1              
 219   1              for(lp=0; lp<32; lp++) dt[lp] = Write_Data[lp];
 220   1              
 221   1              ret  = CodeFlash_Write(dt, ss, 1);
 222   1              sei();
 223   1      
 224   1              if( ret == -1) return(1);               // False write
 225   1              else  return(0);
 226   1      }
 227          
 228          
 229          char Lflash_erase(unsigned int sector)
 230          {
 231   1              unsigned int ss;                                // start sector
 232   1              char ret;       
 233   1              ss = sector&0x1ff;                              // Erase sector[000-1ff] / 512 sector
 234   1              
 235   1              ret = CodeFlash_Erase(ss, 1);
 236   1              if( ret == -1) return(1);               // False erase
 237   1              else  return(0);
 238   1      }
 239          #endif
 240          
C51 COMPILER V9.00   UTIL                                                                  12/09/2021 13:13:38 PAGE 5   

 241          /* EOF */       


MODULE INFORMATION:   STATIC OVERLAYABLE
   CODE SIZE        =    863    ----
   CONSTANT SIZE    =   ----    ----
   XDATA SIZE       =   ----      93
   PDATA SIZE       =   ----    ----
   DATA SIZE        =   ----    ----
   IDATA SIZE       =   ----    ----
   BIT SIZE         =   ----    ----
   EDATA SIZE       =   ----    ----
   HDATA SIZE       =   ----    ----
   XDATA CONST SIZE =   ----    ----
   FAR CONST SIZE   =   ----    ----
END OF MODULE INFORMATION.


C51 COMPILATION COMPLETE.  0 WARNING(S),  0 ERROR(S)
